WARNING: A restricted method in java.lang.System has been called
WARNING: java.lang.System::load has been called by net.rubygrapefruit.platform.internal.NativeLibraryLoader in an unnamed module (file:/C:/Users/Star/.gradle/wrapper/dists/gradle-9.2.1-bin/2t0n5ozlw9xmuyvbp7dnzaxug/gradle-9.2.1/lib/native-platform-0.22-milestone-29.jar)
WARNING: Use --enable-native-access=ALL-UNNAMED to avoid a warning for callers in this module
WARNING: Restricted methods will be blocked in a future release unless native access is enabled

> Task :compileInjectedInterfacesJava NO-SOURCE
> Task :extractDependencyATs UP-TO-DATE
> Task :generateForgeSrgMappings SKIPPED
> Task :downloadVanillaJars SKIPPED
> Task :mergeVanillaSidedJars SKIPPED
> Task :deobfuscateMergedJarToSrg SKIPPED
> Task :downloadFernflower SKIPPED
> Task :decompileSrgJar SKIPPED
> Task :cleanupDecompSrgJar SKIPPED
> Task :patchDecompiledJar SKIPPED
> Task :applyJST SKIPPED
> Task :remapDecompiledJar SKIPPED
> Task :decompressDecompiledSources UP-TO-DATE
> Task :processInjectedInterfacesResources NO-SOURCE
> Task :injectedInterfacesClasses UP-TO-DATE
> Task :compilePatchedMcJava UP-TO-DATE
> Task :processPatchedMcResources UP-TO-DATE
> Task :patchedMcClasses UP-TO-DATE
> Task :compileApiJava NO-SOURCE
> Task :processApiResources NO-SOURCE
> Task :apiClasses UP-TO-DATE
> Task :injectTags UP-TO-DATE
> Task :compileInjectedTagsJava UP-TO-DATE
> Task :extractNatives2 UP-TO-DATE
> Task :createMcLauncherFiles UP-TO-DATE
> Task :compileMcLauncherJava UP-TO-DATE
> Task :processInjectedTagsResources NO-SOURCE
> Task :injectedTagsClasses UP-TO-DATE
> Task :processMcLauncherResources NO-SOURCE
> Task :mcLauncherClasses UP-TO-DATE

> Task :compileJava FAILED
注: SpongePowered MIXIN Annotation Processor Version=0.8.7
注: Supported obfuscation types: ObfuscationServiceMCP supports [searge,notch]
注: Writing refmap to D:\Codefield\JAVA\IDEA\test\Infinity Cell\build\tmp\mixins\mixins.infinitycell.refmap.json
注: Writing refmap to D:\Codefield\JAVA\IDEA\test\Infinity Cell\build\tmp\mixins\mixins.infinitycell.refmap.json
注: Writing searge output SRGs to D:\Codefield\JAVA\IDEA\test\Infinity Cell\build\tmp\mixins\mixins.srg
找不到符号
  符号:   类 AdvancedCellComponentItem
  位置: 类 com.mcdyc.infinitycell.item.AdvancedCellItem
Writing refmap to D:\Codefield\JAVA\IDEA\test\Infinity Cell\build\tmp\mixins\mixins.infinitycell.refmap.json
Writing refmap to D:\Codefield\JAVA\IDEA\test\Infinity Cell\build\tmp\mixins\mixins.infinitycell.refmap.json
Writing searge output SRGs to D:\Codefield\JAVA\IDEA\test\Infinity Cell\build\tmp\mixins\mixins.srg
1 个错误

[Incubating] Problems report is available at: file:///D:/Codefield/JAVA/IDEA/test/Infinity%20Cell/build/reports/problems/problems-report.html

FAILURE: Build failed with an exception.

* What went wrong:
Execution failed for task ':compileJava'.
> Compilation failed; see the compiler output below.
  注: SpongePowered MIXIN Annotation Processor Version=0.8.7
  1 个错误

* Try:
> Run with --scan to generate a Build Scan (powered by Develocity).

Deprecated Gradle features were used in this build, making it incompatible with Gradle 10.

You can use '--warning-mode all' to show the individual deprecation warnings and determine if they come from your own scripts or plugins.

For more on this, please refer to https://docs.gradle.org/9.2.1/userguide/command_line_interface.html#sec:command_line_warnings in the Gradle documentation.

BUILD FAILED in 3s
10 actionable tasks: 1 executed, 9 up-to-date
